Archive member included to satisfy reference by file (symbol)

C:\IOT\03_src\sloeber\Sloeber\Project_F\Release/arduino.ar(Common.cpp.o)
                              .\src\main_bluetooth_ver.cpp.o (symbol from plugin) (_Z3maplllll)
C:\IOT\03_src\sloeber\Sloeber\Project_F\Release/arduino.ar(IPAddress.cpp.o)
                              .\libraries\WiFiNINA\src\WiFi.cpp.o (symbol from plugin) (_ZTVN7arduino9IPAddressE)
C:\IOT\03_src\sloeber\Sloeber\Project_F\Release/arduino.ar(Print.cpp.o)
                              .\libraries\WiFiNINA\src\WiFiServer.cpp.o (symbol from plugin) (_ZN7arduino5Print5writeEPKhj)
C:\IOT\03_src\sloeber\Sloeber\Project_F\Release/arduino.ar(Tone.cpp.o)
                              .\src\main_bluetooth_ver.cpp.o (symbol from plugin) (_Z4tonehjm)
C:\IOT\03_src\sloeber\Sloeber\Project_F\Release/arduino.ar(UART.cpp.o)
                              .\libraries\Firmata\utility\SerialFirmata.cpp.o (symbol from plugin) (_ZN9UartClass3endEv)
C:\IOT\03_src\sloeber\Sloeber\Project_F\Release/arduino.ar(UART0.cpp.o)
                              .\src\main_bluetooth_ver.cpp.o (symbol from plugin) (Serial)
C:\IOT\03_src\sloeber\Sloeber\Project_F\Release/arduino.ar(UART1.cpp.o)
                              .\src\main_bluetooth_ver.cpp.o (symbol from plugin) (Serial1)
C:\IOT\03_src\sloeber\Sloeber\Project_F\Release/arduino.ar(abi.cpp.o)
                              .\src\util\SuperLoop.cpp.o (symbol from plugin) (__cxa_pure_virtual)
C:\IOT\03_src\sloeber\Sloeber\Project_F\Release/arduino.ar(main.cpp.o)
                              c:/iot/sloeber/sloeber/arduinoplugin/packages/arduino/tools/avr-gcc/7.3.0-atmel3.6.1-arduino5/bin/../lib/gcc/avr/7.3.0/../../../../avr/lib/avrxmega3/crtatmega4809.o (main)
C:\IOT\03_src\sloeber\Sloeber\Project_F\Release/arduino.ar(new.cpp.o)
                              .\src\util\Button.cpp.o (symbol from plugin) (_ZdlPv)
C:\IOT\03_src\sloeber\Sloeber\Project_F\Release/arduino.ar(wiring.c.o)
                              .\libraries\Wire\src\utility\twi.c.o (symbol from plugin) (F_CPU_CORRECTED)
C:\IOT\03_src\sloeber\Sloeber\Project_F\Release/arduino.ar(wiring_analog.c.o)
                              wiring.c.o (symbol from plugin) (analogReference)
C:\IOT\03_src\sloeber\Sloeber\Project_F\Release/arduino.ar(wiring_digital.c.o)
                              wiring_analog.c.o (symbol from plugin) (digital_pin_to_timer)
c:/iot/sloeber/sloeber/arduinoplugin/packages/arduino/tools/avr-gcc/7.3.0-atmel3.6.1-arduino5/bin/../lib/gcc/avr/7.3.0/avrxmega3\libgcc.a(_exit.o)
                              c:/iot/sloeber/sloeber/arduinoplugin/packages/arduino/tools/avr-gcc/7.3.0-atmel3.6.1-arduino5/bin/../lib/gcc/avr/7.3.0/../../../../avr/lib/avrxmega3/crtatmega4809.o (exit)
c:/iot/sloeber/sloeber/arduinoplugin/packages/arduino/tools/avr-gcc/7.3.0-atmel3.6.1-arduino5/bin/../lib/gcc/avr/7.3.0/../../../../avr/lib/avrxmega3\libatmega4809.a(eerd_byte.o)
                              .\libraries\PrintEx\src\lib\MemoryPrinter.cpp.o (symbol from plugin) (eeprom_read_byte)
c:/iot/sloeber/sloeber/arduinoplugin/packages/arduino/tools/avr-gcc/7.3.0-atmel3.6.1-arduino5/bin/../lib/gcc/avr/7.3.0/../../../../avr/lib/avrxmega3\libatmega4809.a(eewr_byte.o)
                              .\libraries\PrintEx\src\lib\MemoryPrinter.cpp.o (symbol from plugin) (eeprom_write_byte)
c:/iot/sloeber/sloeber/arduinoplugin/packages/arduino/tools/avr-gcc/7.3.0-atmel3.6.1-arduino5/bin/../lib/gcc/avr/7.3.0/../../../../avr/lib/avrxmega3\libm.a(addsf3.o)
                              C:\Users\ptw82\AppData\Local\Temp\ccfJgcLk.ltrans0.ltrans.o (__addsf3)
c:/iot/sloeber/sloeber/arduinoplugin/packages/arduino/tools/avr-gcc/7.3.0-atmel3.6.1-arduino5/bin/../lib/gcc/avr/7.3.0/../../../../avr/lib/avrxmega3\libm.a(addsf3x.o)
                              c:/iot/sloeber/sloeber/arduinoplugin/packages/arduino/tools/avr-gcc/7.3.0-atmel3.6.1-arduino5/bin/../lib/gcc/avr/7.3.0/../../../../avr/lib/avrxmega3\libm.a(addsf3.o) (__addsf3x)
c:/iot/sloeber/sloeber/arduinoplugin/packages/arduino/tools/avr-gcc/7.3.0-atmel3.6.1-arduino5/bin/../lib/gcc/avr/7.3.0/../../../../avr/lib/avrxmega3\libm.a(fixsfsi.o)
                              C:\Users\ptw82\AppData\Local\Temp\ccfJgcLk.ltrans0.ltrans.o (__fixsfsi)
c:/iot/sloeber/sloeber/arduinoplugin/packages/arduino/tools/avr-gcc/7.3.0-atmel3.6.1-arduino5/bin/../lib/gcc/avr/7.3.0/../../../../avr/lib/avrxmega3\libm.a(fixunssfsi.o)
                              C:\Users\ptw82\AppData\Local\Temp\ccfJgcLk.ltrans0.ltrans.o (__fixunssfsi)
c:/iot/sloeber/sloeber/arduinoplugin/packages/arduino/tools/avr-gcc/7.3.0-atmel3.6.1-arduino5/bin/../lib/gcc/avr/7.3.0/../../../../avr/lib/avrxmega3\libm.a(floatsisf.o)
                              C:\Users\ptw82\AppData\Local\Temp\ccfJgcLk.ltrans0.ltrans.o (__floatunsisf)
c:/iot/sloeber/sloeber/arduinoplugin/packages/arduino/tools/avr-gcc/7.3.0-atmel3.6.1-arduino5/bin/../lib/gcc/avr/7.3.0/../../../../avr/lib/avrxmega3\libm.a(fp_inf.o)
[...]
Memory Configuration

Name             Origin             Length             Attributes
text             0x00000000         0x00100000         xr
data             0x00802000         0x0000ffa0         rw !x
eeprom           0x00810000         0x00010000         rw !x
fuse             0x00820000         0x00000009         rw !x
lock             0x00830000         0x00000400         rw !x
signature        0x00840000         0x00000400         rw !x
user_signatures  0x00850000         0x00000400         rw !x
*default*        0x00000000         0xffffffff

Linker script and memory map

Address of section .data set to 0x802800
                0x00004000                __RODATA_PM_OFFSET__ = 0x4000
LOAD c:/iot/sloeber/sloeber/arduinoplugin/packages/arduino/tools/avr-gcc/7.3.0-atmel3.6.1-arduino5/bin/../lib/gcc/avr/7.3.0/../../../../avr/lib/avrxmega3/crtatmega4809.o
Address of section .text set to 0x200
LOAD .\src\util\Button.cpp.o
LOAD C:\Users\ptw82\AppData\Local\Temp\ccfJgcLk.ltrans0.ltrans.o
LOAD .\src\util\DHT.cpp.o
LOAD .\src\util\RGB.cpp.o
LOAD .\src\util\SuperLoop.cpp.o
LOAD .\src\main_bluetooth_ver.cpp.o
LOAD .\libraries\Wire\src\utility\twi.c.o
LOAD .\libraries\Wire\src\Wire.cpp.o
LOAD .\libraries\WiFiNINA\src\utility\WiFiSocketBuffer.cpp.o
LOAD .\libraries\WiFiNINA\src\utility\nano_rp2040_support.cpp.o
LOAD .\libraries\WiFiNINA\src\utility\server_drv.cpp.o
LOAD .\libraries\WiFiNINA\src\utility\spi_drv.cpp.o
LOAD .\libraries\WiFiNINA\src\utility\wifi_drv.cpp.o
LOAD .\libraries\WiFiNINA\src\WiFi.cpp.o
LOAD .\libraries\WiFiNINA\src\WiFiClient.cpp.o
LOAD .\libraries\WiFiNINA\src\WiFiSSLClient.cpp.o
LOAD .\libraries\WiFiNINA\src\WiFiServer.cpp.o
LOAD .\libraries\WiFiNINA\src\WiFiStorage.cpp.o
LOAD .\libraries\WiFiNINA\src\WiFiUdp.cpp.o
LOAD .\libraries\SPI\src\SPI.cpp.o
LOAD .\libraries\PrintEx\src\tools\URIEncoder\URIEncoder.cpp.o
LOAD .\libraries\PrintEx\src\tools\CRCStream\CRCStream.cpp.o
LOAD .\libraries\PrintEx\src\tools\Base64Encoder\Base64Encoder.cpp.o
LOAD .\libraries\PrintEx\src\lib\MemoryPrinter.cpp.o
LOAD .\libraries\PrintEx\src\lib\PrintExtension.cpp.o
LOAD .\libraries\PrintEx\src\lib\StreamExtension.cpp.o
LOAD .\libraries\LiquidCrystal_I2C\LiquidCrystal_I2C.cpp.o
LOAD .\libraries\Firmata\utility\BLEStream.cpp.o
LOAD .\libraries\Firmata\utility\BluefruitLE_SPI_Stream.cpp.o
LOAD .\libraries\Firmata\utility\EthernetClientStream.cpp.o
LOAD .\libraries\Firmata\utility\EthernetServerStream.cpp.o
LOAD .\libraries\Firmata\utility\SerialFirmata.cpp.o
LOAD .\libraries\Firmata\utility\WiFiStream.cpp.o
LOAD .\libraries\Firmata\Firmata.cpp.o
LOAD .\libraries\Firmata\FirmataMarshaller.cpp.o
LOAD .\libraries\Firmata\FirmataParser.cpp.o
LOAD .\libraries\Adafruit_Unified_Sensor\Adafruit_Sensor.cpp.o
LOAD .\core\variant\variant.c.o
LOAD C:\IOT\03_src\sloeber\Sloeber\Project_F\Release/arduino.ar
LOAD c:/iot/sloeber/sloeber/arduinoplugin/packages/arduino/tools/avr-gcc/7.3.0-atmel3.6.1-arduino5/bin/../lib/gcc/avr/7.3.0/../../../../avr/lib/avrxmega3\libm.a
START GROUP
LOAD c:/iot/sloeber/sloeber/arduinoplugin/packages/arduino/tools/avr-gcc/7.3.0-atmel3.6.1-arduino5/bin/../lib/gcc/avr/7.3.0/avrxmega3\libgcc.a
LOAD c:/iot/sloeber/sloeber/arduinoplugin/packages/arduino/tools/avr-gcc/7.3.0-atmel3.6.1-arduino5/bin/../lib/gcc/avr/7.3.0/../../../../avr/lib/avrxmega3\libm.a
LOAD c:/iot/sloeber/sloeber/arduinoplugin/packages/arduino/tools/avr-gcc/7.3.0-atmel3.6.1-arduino5/bin/../lib/gcc/avr/7.3.0/../../../../avr/lib/avrxmega3\libc.a
LOAD c:/iot/sloeber/sloeber/arduinoplugin/packages/arduino/tools/avr-gcc/7.3.0-atmel3.6.1-arduino5/bin/../lib/gcc/avr/7.3.0/../../../../avr/lib/avrxmega3\libatmega4809.a
END GROUP
                0x00100000                __TEXT_REGION_LENGTH__ = DEFINED (__TEXT_REGION_LENGTH__)?__TEXT_REGION_LENGTH__:0x100000
                0x0000ffa0                __DATA_REGION_LENGTH__ = DEFINED (__DATA_REGION_LENGTH__)?__DATA_REGION_LENGTH__:0xffa0
                0x00010000                __EEPROM_REGION_LENGTH__ = DEFINED (__EEPROM_REGION_LENGTH__)?__EEPROM_REGION_LENGTH__:0x10000
                [0x00000009]                __FUSE_REGION_LENGTH__ = DEFINED (__FUSE_REGION_LENGTH__)?__FUSE_REGION_LENGTH__:0x400
                0x00000400                __LOCK_REGION_LENGTH__ = DEFINED (__LOCK_REGION_LENGTH__)?__LOCK_REGION_LENGTH__:0x400
                0x00000400                __SIGNATURE_REGION_LENGTH__ = DEFINED (__SIGNATURE_REGION_LENGTH__)?__SIGNATURE_REGION_LENGTH__:0x400
                0x00000400                __USER_SIGNATURE_REGION_LENGTH__ = DEFINED (__USER_SIGNATURE_REGION_LENGTH__)?__USER_SIGNATURE_REGION_LENGTH__:0x400
                0x00008000                __RODATA_PM_OFFSET__ = DEFINED (__RODATA_PM_OFFSET__)?__RODATA_PM_OFFSET__:0x8000

.hash
 *(.hash)

.dynsym
 *(.dynsym)

.dynstr
 *(.dynstr)

.gnu.version
 *(.gnu.version)

.gnu.version_d
 *(.gnu.version_d)

.gnu.version_r
 *(.gnu.version_r)

.rel.init
 *(.rel.init)

.rela.init
 *(.rela.init)

.rel.text
 *(.rel.text)
 *(.rel.text.*)
 *(.rel.gnu.linkonce.t*)

.rela.text
 *(.rela.text)
 *(.rela.text.*)
 *(.rela.gnu.linkonce.t*)

.rel.fini
 *(.rel.fini)

.rela.fini
 *(.rela.fini)

.rel.rodata
 *(.rel.rodata)
 *(.rel.rodata.*)
 *(.rel.gnu.linkonce.r*)

.rela.rodata
 *(.rela.rodata)
 *(.rela.rodata.*)
 *(.rela.gnu.linkonce.r*)

.rel.data
 *(.rel.data)
 *(.rel.data.*)
 *(.rel.gnu.linkonce.d*)

.rela.data
 *(.rela.data)
 *(.rela.data.*)
 *(.rela.gnu.linkonce.d*)

.rel.ctors
 *(.rel.ctors)

.rela.ctors
 *(.rela.ctors)

.rel.dtors
 *(.rel.dtors)

.rela.dtors
 *(.rela.dtors)

.rel.got
 *(.rel.got)

.rela.got
 *(.rela.got)

.rel.bss
 *(.rel.bss)

.rela.bss
 *(.rela.bss)

.rel.plt
 *(.rel.plt)

.rela.plt
 *(.rela.plt)

.text           0x00000200     0x47ca
 *(.vectors)
 .vectors       0x00000200       0xa0 c:/iot/sloeber/sloeber/arduinoplugin/packages/arduino/tools/avr-gcc/7.3.0-atmel3.6.1-arduino5/bin/../lib/gcc/avr/7.3.0/../../../../avr/lib/avrxmega3/crtatmega4809.o
                0x00000200                __vector_default
                0x00000200                __vectors
 *(.vectors)
 *(.progmem.gcc*)
                0x000002a0                . = ALIGN (0x2)
                0x000002a0                __trampolines_start = .
 *(.trampolines)
 .trampolines   0x000002a0        0x0 linker stubs
 *(.trampolines*)
                0x000002a0                __trampolines_end = .
 *libprintf_flt.a:*(.progmem.data)
 *libc.a:*(.progmem.data)
 *(.progmem*)
                0x000002a0                . = ALIGN (0x2)
 *(.jumptables)
 *(.jumptables*)
 *(.lowtext)
 *(.lowtext*)
                0x000002a0                __ctors_start = .
 *(.ctors)
 .ctors         0x000002a0        0x2 C:\Users\ptw82\AppData\Local\Temp\ccfJgcLk.ltrans0.ltrans.o
                0x000002a2                __ctors_end = .
                0x000002a2                __dtors_start = .
 *(.dtors)
 .dtors         0x000002a2        0x2 C:\Users\ptw82\AppData\Local\Temp\ccfJgcLk.ltrans0.ltrans.o
                0x000002a4                __dtors_end = .
 SORT(*)(.ctors)
 SORT(*)(.dtors)
 *(.init0)
 .init0         0x000002a4        0x0 c:/iot/sloeber/sloeber/arduinoplugin/packages/arduino/tools/avr-gcc/7.3.0-atmel3.6.1-arduino5/bin/../lib/gcc/avr/7.3.0/../../../../avr/lib/avrxmega3/crtatmega4809.o
                0x000002a4                __init
 *(.init0)
 *(.init1)
 *(.init1)
 *(.init2)
 .init2         0x000002a4        0xc c:/iot/sloeber/sloeber/arduinoplugin/packages/arduino/tools/avr-gcc/7.3.0-atmel3.6.1-arduino5/bin/../lib/gcc/avr/7.3.0/../../../../avr/lib/avrxmega3/crtatmega4809.o
 *(.init2)
 *(.init3)
 *(.init3)
 *(.init4)
 .init4         0x000002b0       0x16 c:/iot/sloeber/sloeber/arduinoplugin/packages/arduino/tools/avr-gcc/7.3.0-atmel3.6.1-arduino5/bin/../lib/gcc/avr/7.3.0/avrxmega3\libgcc.a(_copy_data.o)
                0x000002b0                __do_copy_data
 .init4         0x000002c6       0x10 c:/iot/sloeber/sloeber/arduinoplugin/packages/arduino/tools/avr-gcc/7.3.0-atmel3.6.1-arduino5/bin/../lib/gcc/avr/7.3.0/avrxmega3\libgcc.a(_clear_bss.o)
                0x000002c6                __do_clear_bss
 *(.init4)
 *(.init5)
 *(.init5)
 *(.init6)
 .init6         0x000002d6       0x16 c:/iot/sloeber/sloeber/arduinoplugin/packages/arduino/tools/avr-gcc/7.3.0-atmel3.6.1-arduino5/bin/../lib/gcc/avr/7.3.0/avrxmega3\libgcc.a(_ctors.o)
                0x000002d6                __do_global_ctors
 *(.init6)
 *(.init7)
 *(.init7)
 *(.init8)
 *(.init8)
 *(.init9)
 .init9         0x000002ec        0x8 c:/iot/sloeber/sloeber/arduinoplugin/packages/arduino/tools/avr-gcc/7.3.0-atmel3.6.1-arduino5/bin/../lib/gcc/avr/7.3.0/../../../../avr/lib/avrxmega3/crtatmega4809.o
 *(.init9)
 *(.text)
 .text          0x000002f4        0x4 c:/iot/sloeber/sloeber/arduinoplugin/packages/arduino/tools/avr-gcc/7.3.0-atmel3.6.1-arduino5/bin/../lib/gcc/avr/7.3.0/../../../../avr/lib/avrxmega3/crtatmega4809.o
                0x000002f4                __vector_22
                0x000002f4                __vector_28
                0x000002f4                __vector_1
                0x000002f4                __vector_32
                0x000002f4                __vector_34
                0x000002f4                __vector_24
                0x000002f4                __vector_12
                0x000002f4                __bad_interrupt
                0x000002f4                __vector_6
                0x000002f4                __vector_31
                0x000002f4                __vector_35
                0x000002f4                __vector_39
                0x000002f4                __vector_3
                0x000002f4                __vector_23
                0x000002f4                __vector_30
                0x000002f4                __vector_25
                0x000002f4                __vector_11
                0x000002f4                __vector_17
                0x000002f4                __vector_19
                0x000002f4                __vector_7
                0x000002f4                __vector_5
                0x000002f4                __vector_33
                0x000002f4                __vector_4
                0x000002f4                __vector_9
                0x000002f4                __vector_2
                0x000002f4                __vector_21
                0x000002f4                __vector_29
                0x000002f4                __vector_8
                0x000002f4                __vector_10
                0x000002f4                __vector_16
                0x000002f4                __vector_18
                0x000002f4                __vector_20
 .text          0x000002f8     0x2f6c C:\Users\ptw82\AppData\Local\Temp\ccfJgcLk.ltrans0.ltrans.o
                0x00002cd0                __vector_36
                0x00002d98                __vector_27
                0x00002de4                __vector_26
                0x00002e30                __vector_38
                0x00002e7c                __vector_37
                0x00002ec8                __vector_13
                0x00002f82                __vector_14
                0x000030e4                __vector_15
                0x00003264                . = ALIGN (0x2)
 *(.text.*)
 .text.exit     0x00003264       0x3a C:\Users\ptw82\AppData\Local\Temp\ccfJgcLk.ltrans0.ltrans.o
 .text.startup  0x0000329e      0xa4c C:\Users\ptw82\AppData\Local\Temp\ccfJgcLk.ltrans0.ltrans.o
                0x0000360c                main
 .text.avr-libc.fplib
                0x00003cea        0xe c:/iot/sloeber/sloeber/arduinoplugin/packages/arduino/tools/avr-gcc/7.3.0-atmel3.6.1-arduino5/bin/../lib/gcc/avr/7.3.0/../../../../avr/lib/avrxmega3\libm.a(addsf3.o)
                0x00003cea                __subsf3
                0x00003cec                __addsf3
 .text.avr-libc.fplib
                0x00003cf8       0xcc c:/iot/sloeber/sloeber/arduinoplugin/packages/arduino/tools/avr-gcc/7.3.0-atmel3.6.1-arduino5/bin/../lib/gcc/avr/7.3.0/../../../../avr/lib/avrxmega3\libm.a(addsf3x.o)
                0x00003d1a                __addsf3x
 .text.avr-libc.fplib
                0x00003dc4        0xe c:/iot/sloeber/sloeber/arduinoplugin/packages/arduino/tools/avr-gcc/7.3.0-atmel3.6.1-arduino5/bin/../lib/gcc/avr/7.3.0/../../../../avr/lib/avrxmega3\libm.a(fixsfsi.o)
                0x00003dc4                __fixsfsi
 .text.avr-libc.fplib
                0x00003dd2       0x5e c:/iot/sloeber/sloeber/arduinoplugin/packages/arduino/tools/avr-gcc/7.3.0-atmel3.6.1-arduino5/bin/../lib/gcc/avr/7.3.0/../../../../avr/lib/avrxmega3\libm.a(fixunssfsi.o)
                0x00003dd2                __fixunssfsi
 .text.avr-libc.fplib
                0x00003e30       0x7a c:/iot/sloeber/sloeber/arduinoplugin/packages/arduino/tools/avr-gcc/7.3.0-atmel3.6.1-arduino5/bin/../lib/gcc/avr/7.3.0/../../../../avr/lib/avrxmega3\libm.a(floatsisf.o)
                0x00003e30                __floatunsisf
                0x00003e34                __floatsisf
 .text.avr-libc.fplib
                0x00003eaa        0xc c:/iot/sloeber/sloeber/arduinoplugin/packages/arduino/tools/avr-gcc/7.3.0-atmel3.6.1-arduino5/bin/../lib/gcc/avr/7.3.0/../../../../avr/lib/avrxmega3\libm.a(fp_inf.o)
                0x00003eaa                __fp_inf
 .text.avr-libc.fplib
                0x00003eb6        0x6 c:/iot/sloeber/sloeber/arduinoplugin/packages/arduino/tools/avr-gcc/7.3.0-atmel3.6.1-arduino5/bin/../lib/gcc/avr/7.3.0/../../../../avr/lib/avrxmega3\libm.a(fp_nan.o)
                0x00003eb6                __fp_nan
 .text.avr-libc.fplib
                0x00003ebc        0xe c:/iot/sloeber/sloeber/arduinoplugin/packages/arduino/tools/avr-gcc/7.3.0-atmel3.6.1-arduino5/bin/../lib/gcc/avr/7.3.0/../../../../avr/lib/avrxmega3\libm.a(fp_pscA.o)
                0x00003ebc                __fp_pscA
 .text.avr-libc.fplib
                0x00003eca        0xe c:/iot/sloeber/sloeber/arduinoplugin/packages/arduino/tools/avr-gcc/7.3.0-atmel3.6.1-arduino5/bin/../lib/gcc/avr/7.3.0/../../../../avr/lib/avrxmega3\libm.a(fp_pscB.o)
                0x00003eca                __fp_pscB
 .text.avr-libc.fplib
                0x00003ed8       0x22 c:/iot/sloeber/sloeber/arduinoplugin/packages/arduino/tools/avr-gcc/7.3.0-atmel3.6.1-arduino5/bin/../lib/gcc/avr/7.3.0/../../../../avr/lib/avrxmega3\libm.a(fp_round.o)
                0x00003ed8                __fp_round
 .text.avr-libc.fplib
                0x00003efa       0x44 c:/iot/sloeber/sloeber/arduinoplugin/packages/arduino/tools/avr-gcc/7.3.0-atmel3.6.1-arduino5/bin/../lib/gcc/avr/7.3.0/../../../../avr/lib/avrxmega3\libm.a(fp_split3.o)
                0x00003efa                __fp_split3
                0x00003f0a                __fp_splitA
 .text.avr-libc.fplib
                0x00003f3e        0xe c:/iot/sloeber/sloeber/arduinoplugin/packages/arduino/tools/avr-gcc/7.3.0-atmel3.6.1-arduino5/bin/../lib/gcc/avr/7.3.0/../../../../avr/lib/avrxmega3\libm.a(fp_zero.o)
                0x00003f3e                __fp_zero
                0x00003f40                __fp_szero
 .text.avr-libc.fplib
                0x00003f4c        0x8 c:/iot/sloeber/sloeber/arduinoplugin/packages/arduino/tools/avr-gcc/7.3.0-atmel3.6.1-arduino5/bin/../lib/gcc/avr/7.3.0/../../../../avr/lib/avrxmega3\libm.a(mulsf3.o)
                0x00003f4c                __mulsf3
 .text.avr-libc.fplib
                0x00003f54       0xd2 c:/iot/sloeber/sloeber/arduinoplugin/packages/arduino/tools/avr-gcc/7.3.0-atmel3.6.1-arduino5/bin/../lib/gcc/avr/7.3.0/../../../../avr/lib/avrxmega3\libm.a(mulsf3x.o)
                0x00003f72                __mulsf3x
                0x00003f78                __mulsf3_pse
 .text.libgcc.div
                0x00004026       0x28 c:/iot/sloeber/sloeber/arduinoplugin/packages/arduino/tools/avr-gcc/7.3.0-atmel3.6.1-arduino5/bin/../lib/gcc/avr/7.3.0/avrxmega3\libgcc.a(_udivmodhi4.o)
                0x00004026                __udivmodhi4
 .text.libgcc.div
                0x0000404e       0x28 c:/iot/sloeber/sloeber/arduinoplugin/packages/arduino/tools/avr-gcc/7.3.0-atmel3.6.1-arduino5/bin/../lib/gcc/avr/7.3.0/avrxmega3\libgcc.a(_divmodhi4.o)
                0x0000404e                _div
                0x0000404e                __divmodhi4
 .text.libgcc.div
                0x00004076       0x44 c:/iot/sloeber/sloeber/arduinoplugin/packages/arduino/tools/avr-gcc/7.3.0-atmel3.6.1-arduino5/bin/../lib/gcc/avr/7.3.0/avrxmega3\libgcc.a(_udivmodsi4.o)
                0x00004076                __udivmodsi4
 .text.libgcc.div
                0x000040ba       0x2e c:/iot/sloeber/sloeber/arduinoplugin/packages/arduino/tools/avr-gcc/7.3.0-atmel3.6.1-arduino5/bin/../lib/gcc/avr/7.3.0/avrxmega3\libgcc.a(_divmodsi4.o)
                0x000040ba                __divmodsi4
 .text.libgcc.div
                0x000040e8       0x10 c:/iot/sloeber/sloeber/arduinoplugin/packages/arduino/tools/avr-gcc/7.3.0-atmel3.6.1-arduino5/bin/../lib/gcc/avr/7.3.0/avrxmega3\libgcc.a(_negsi2.o)
                0x000040e8                __negsi2
 .text.libgcc.mul
                0x000040f8       0x10 c:/iot/sloeber/sloeber/arduinoplugin/packages/arduino/tools/avr-gcc/7.3.0-atmel3.6.1-arduino5/bin/../lib/gcc/avr/7.3.0/avrxmega3\libgcc.a(_mulhisi3.o)
                0x000040f8                __mulhisi3
 .text.libgcc.mul
                0x00004108       0x1e c:/iot/sloeber/sloeber/arduinoplugin/packages/arduino/tools/avr-gcc/7.3.0-atmel3.6.1-arduino5/bin/../lib/gcc/avr/7.3.0/avrxmega3\libgcc.a(_umulhisi3.o)
                0x00004108                __umulhisi3
 .text.libgcc.mul
                0x00004126        0xe c:/iot/sloeber/sloeber/arduinoplugin/packages/arduino/tools/avr-gcc/7.3.0-atmel3.6.1-arduino5/bin/../lib/gcc/avr/7.3.0/avrxmega3\libgcc.a(_usmulhisi3.o)
                0x00004126                __usmulhisi3
                0x0000412a                __usmulhisi3_tail
 .text.libgcc.mul
                0x00004134       0x16 c:/iot/sloeber/sloeber/arduinoplugin/packages/arduino/tools/avr-gcc/7.3.0-atmel3.6.1-arduino5/bin/../lib/gcc/avr/7.3.0/avrxmega3\libgcc.a(_muluhisi3.o)
                0x00004134                __muluhisi3
 .text.libgcc.mul
                0x0000414a       0x10 c:/iot/sloeber/sloeber/arduinoplugin/packages/arduino/tools/avr-gcc/7.3.0-atmel3.6.1-arduino5/bin/../lib/gcc/avr/7.3.0/avrxmega3\libgcc.a(_mulshisi3.o)
                0x0000414a                __mulshisi3
                0x00004150                __mulohisi3
 .text.libgcc.builtins
                0x0000415a       0x3a c:/iot/sloeber/sloeber/arduinoplugin/packages/arduino/tools/avr-gcc/7.3.0-atmel3.6.1-arduino5/bin/../lib/gcc/avr/7.3.0/avrxmega3\libgcc.a(_ashrdi3.o)
                0x0000415a                __ashrdi3
                0x0000415e                __lshrdi3
 .text.libgcc   0x00004194       0x18 c:/iot/sloeber/sloeber/arduinoplugin/packages/arduino/tools/avr-gcc/7.3.0-atmel3.6.1-arduino5/bin/../lib/gcc/avr/7.3.0/avrxmega3\libgcc.a(_cmpdi2_s8.o)
                0x00004194                __cmpdi2_s8
 .text.libgcc   0x000041ac        0xc c:/iot/sloeber/sloeber/arduinoplugin/packages/arduino/tools/avr-gcc/7.3.0-atmel3.6.1-arduino5/bin/../lib/gcc/avr/7.3.0/avrxmega3\libgcc.a(_tablejump2.o)
                0x000041ac                __tablejump2__
 .text.avr-libc
                0x000041b8      0x24a c:/iot/sloeber/sloeber/arduinoplugin/packages/arduino/tools/avr-gcc/7.3.0-atmel3.6.1-arduino5/bin/../lib/gcc/avr/7.3.0/../../../../avr/lib/avrxmega3\libc.a(malloc.o)
                0x000041b8                malloc
                0x000042f0                free
 .text.avr-libc
                0x00004402        0xa c:/iot/sloeber/sloeber/arduinoplugin/packages/arduino/tools/avr-gcc/7.3.0-atmel3.6.1-arduino5/bin/../lib/gcc/avr/7.3.0/../../../../avr/lib/avrxmega3\libc.a(abort.o)
                0x00004402                abort
 .text.avr-libc
                0x0000440c       0x46 c:/iot/sloeber/sloeber/arduinoplugin/packages/arduino/tools/avr-gcc/7.3.0-atmel3.6.1-arduino5/bin/../lib/gcc/avr/7.3.0/../../../../avr/lib/avrxmega3\libc.a(sprintf.o)
                0x0000440c                sprintf
 .text.avr-libc
                0x00004452      0x3b4 c:/iot/sloeber/sloeber/arduinoplugin/packages/arduino/tools/avr-gcc/7.3.0-atmel3.6.1-arduino5/bin/../lib/gcc/avr/7.3.0/../../../../avr/lib/avrxmega3\libc.a(vfprintf_std.o)
                0x00004452                vfprintf
 .text.avr-libc
                0x00004806       0x16 c:/iot/sloeber/sloeber/arduinoplugin/packages/arduino/tools/avr-gcc/7.3.0-atmel3.6.1-arduino5/bin/../lib/gcc/avr/7.3.0/../../../../avr/lib/avrxmega3\libc.a(strnlen_P.o)
                0x00004806                strnlen_P
 .text.avr-libc
                0x0000481c       0x16 c:/iot/sloeber/sloeber/arduinoplugin/packages/arduino/tools/avr-gcc/7.3.0-atmel3.6.1-arduino5/bin/../lib/gcc/avr/7.3.0/../../../../avr/lib/avrxmega3\libc.a(strnlen.o)
                0x0000481c                strnlen
 .text.avr-libc
                0x00004832       0x60 c:/iot/sloeber/sloeber/arduinoplugin/packages/arduino/tools/avr-gcc/7.3.0-atmel3.6.1-arduino5/bin/../lib/gcc/avr/7.3.0/../../../../avr/lib/avrxmega3\libc.a(fputc.o)
                0x00004832                fputc
 .text.avr-libc
                0x00004892       0xbc c:/iot/sloeber/sloeber/arduinoplugin/packages/arduino/tools/avr-gcc/7.3.0-atmel3.6.1-arduino5/bin/../lib/gcc/avr/7.3.0/../../../../avr/lib/avrxmega3\libc.a(ultoa_invert.o)
                0x00004892                __ultoa_invert
 .text.libgcc.prologue
                0x0000494e       0x32 c:/iot/sloeber/sloeber/arduinoplugin/packages/arduino/tools/avr-gcc/7.3.0-atmel3.6.1-arduino5/bin/../lib/gcc/avr/7.3.0/avrxmega3\libgcc.a(_prologue.o)
                0x0000494e                __prologue_saves__
 .text.libgcc.prologue
                0x00004980       0x30 c:/iot/sloeber/sloeber/arduinoplugin/packages/arduino/tools/avr-gcc/7.3.0-atmel3.6.1-arduino5/bin/../lib/gcc/avr/7.3.0/avrxmega3\libgcc.a(_epilogue.o)
                0x00004980                __epilogue_restores__
                0x000049b0                . = ALIGN (0x2)
 *(.fini9)
 .fini9         0x000049b0        0x0 c:/iot/sloeber/sloeber/arduinoplugin/packages/arduino/tools/avr-gcc/7.3.0-atmel3.6.1-arduino5/bin/../lib/gcc/avr/7.3.0/avrxmega3\libgcc.a(_exit.o)
                0x000049b0                _exit
                0x000049b0                exit
 *(.fini9)
 *(.fini8)
 *(.fini8)
 *(.fini7)
 *(.fini7)
 *(.fini6)
 .fini6         0x000049b0       0x16 c:/iot/sloeber/sloeber/arduinoplugin/packages/arduino/tools/avr-gcc/7.3.0-atmel3.6.1-arduino5/bin/../lib/gcc/avr/7.3.0/avrxmega3\libgcc.a(_dtors.o)
                0x000049b0                __do_global_dtors
 *(.fini6)
 *(.fini5)
 *(.fini5)
 *(.fini4)
 *(.fini4)
 *(.fini3)
 *(.fini3)
 *(.fini2)
 *(.fini2)
 *(.fini1)
 *(.fini1)
 *(.fini0)
 .fini0         0x000049c6        0x4 c:/iot/sloeber/sloeber/arduinoplugin/packages/arduino/tools/avr-gcc/7.3.0-atmel3.6.1-arduino5/bin/../lib/gcc/avr/7.3.0/avrxmega3\libgcc.a(_exit.o)
 *(.fini0)
                0x000049ca                _etext = .

.rodata         0x000089ca      0x263 load address 0x000049ca
 *(.rodata)
 .rodata        0x000089ca      0x22e C:\Users\ptw82\AppData\Local\Temp\ccfJgcLk.ltrans0.ltrans.o
 *(.rodata*)
 .rodata.str1.1
                0x00008bf8       0x35 C:\Users\ptw82\AppData\Local\Temp\ccfJgcLk.ltrans0.ltrans.o
 *(.gnu.linkonce.r*)

.data           0x00802800       0x48 load address 0x00004c2d
                0x00802800                PROVIDE (__data_start, .)
 *(.data)
 .data          0x00802800       0x41 C:\Users\ptw82\AppData\Local\Temp\ccfJgcLk.ltrans0.ltrans.o
 .data          0x00802841        0x6 c:/iot/sloeber/sloeber/arduinoplugin/packages/arduino/tools/avr-gcc/7.3.0-atmel3.6.1-arduino5/bin/../lib/gcc/avr/7.3.0/../../../../avr/lib/avrxmega3\libc.a(malloc.o)
                0x00802841                __malloc_heap_end
                0x00802843                __malloc_heap_start
                0x00802845                __malloc_margin
 *(.data*)
 *(.gnu.linkonce.d*)
                0x00802848                . = ALIGN (0x2)
 *fill*         0x00802847        0x1 
                0x00802848                _edata = .
                0x00802848                PROVIDE (__data_end, .)

.bss            0x00802848      0x475
                0x00802848                PROVIDE (__bss_start, .)
 *(.bss)
 .bss           0x00802848      0x471 C:\Users\ptw82\AppData\Local\Temp\ccfJgcLk.ltrans0.ltrans.o
 *(.bss*)
 *(COMMON)
 COMMON         0x00802cb9        0x4 c:/iot/sloeber/sloeber/arduinoplugin/packages/arduino/tools/avr-gcc/7.3.0-atmel3.6.1-arduino5/bin/../lib/gcc/avr/7.3.0/../../../../avr/lib/avrxmega3\libc.a(malloc.o)
                0x00802cb9                __brkval
                0x00802cbb                __flp
                0x00802cbd                PROVIDE (__bss_end, .)
                0x00004c2d                __data_load_start = LOADADDR (.data)
                0x00004c75                __data_load_end = (__data_load_start + SIZEOF (.data))

.noinit         0x00802cbd        0x0
                [!provide]                PROVIDE (__noinit_start, .)
 *(.noinit*)
                [!provide]                PROVIDE (__noinit_end, .)
                0x00802cbd                _end = .
                0x00802cbd                PROVIDE (__heap_start, .)

.eeprom         0x00810000        0x0
 *(.eeprom*)
                0x00810000                __eeprom_end = .

.fuse
 *(.fuse)
 *(.lfuse)
 *(.hfuse)
 *(.efuse)

.lock
 *(.lock*)

.signature
 *(.signature*)

.user_signatures
 *(.user_signatures*)

.stab
 *(.stab)

.stabstr
 *(.stabstr)

.stab.excl
 *(.stab.excl)

.stab.exclstr
 *(.stab.exclstr)

.stab.index
 *(.stab.index)

.stab.indexstr
 *(.stab.indexstr)

.comment        0x00000000       0x11
 *(.comment)
 .comment       0x00000000       0x11 C:\Users\ptw82\AppData\Local\Temp\ccfJgcLk.ltrans0.ltrans.o
                                 0x12 (size before relaxing)
 .comment       0x00000011       0x12 c:/iot/sloeber/sloeber/arduinoplugin/packages/arduino/tools/avr-gcc/7.3.0-atmel3.6.1-arduino5/bin/../lib/gcc/avr/7.3.0/../../../../avr/lib/avrxmega3\libc.a(malloc.o)
 .comment       0x00000011       0x12 c:/iot/sloeber/sloeber/arduinoplugin/packages/arduino/tools/avr-gcc/7.3.0-atmel3.6.1-arduino5/bin/../lib/gcc/avr/7.3.0/../../../../avr/lib/avrxmega3\libc.a(sprintf.o)
 .comment       0x00000011       0x12 c:/iot/sloeber/sloeber/arduinoplugin/packages/arduino/tools/avr-gcc/7.3.0-atmel3.6.1-arduino5/bin/../lib/gcc/avr/7.3.0/../../../../avr/lib/avrxmega3\libc.a(vfprintf_std.o)
 .comment       0x00000011       0x12 c:/iot/sloeber/sloeber/arduinoplugin/packages/arduino/tools/avr-gcc/7.3.0-atmel3.6.1-arduino5/bin/../lib/gcc/avr/7.3.0/../../../../avr/lib/avrxmega3\libc.a(fputc.o)

.note.gnu.avr.deviceinfo
                0x00000000       0x40
 .note.gnu.avr.deviceinfo
                0x00000000       0x40 c:/iot/sloeber/sloeber/arduinoplugin/packages/arduino/tools/avr-gcc/7.3.0-atmel3.6.1-arduino5/bin/../lib/gcc/avr/7.3.0/../../../../avr/lib/avrxmega3/crtatmega4809.o

.note.gnu.build-id
 *(.note.gnu.build-id)

.debug
 *(.debug)

.line
 *(.line)

.debug_srcinfo
 *(.debug_srcinfo)

.debug_sfnames
 *(.debug_sfnames)

.debug_aranges  0x00000000      0x2a8
 *(.debug_aranges)
 .debug_aranges
                0x00000000       0x28 C:\Users\ptw82\AppData\Local\Temp\ccfJgcLk.ltrans0.ltrans.o
 .debug_aranges
                0x00000028       0x20 c:/iot/sloeber/sloeber/arduinoplugin/packages/arduino/tools/avr-gcc/7.3.0-atmel3.6.1-arduino5/bin/../lib/gcc/avr/7.3.0/avrxmega3\libgcc.a(_exit.o)
 .debug_aranges
                0x00000048       0x20 c:/iot/sloeber/sloeber/arduinoplugin/packages/arduino/tools/avr-gcc/7.3.0-atmel3.6.1-arduino5/bin/../lib/gcc/avr/7.3.0/avrxmega3\libgcc.a(_udivmodhi4.o)
 .debug_aranges
                0x00000068       0x20 c:/iot/sloeber/sloeber/arduinoplugin/packages/arduino/tools/avr-gcc/7.3.0-atmel3.6.1-arduino5/bin/../lib/gcc/avr/7.3.0/avrxmega3\libgcc.a(_divmodhi4.o)
 .debug_aranges
                0x00000088       0x20 c:/iot/sloeber/sloeber/arduinoplugin/packages/arduino/tools/avr-gcc/7.3.0-atmel3.6.1-arduino5/bin/../lib/gcc/avr/7.3.0/avrxmega3\libgcc.a(_udivmodsi4.o)
 .debug_aranges
                0x000000a8       0x20 c:/iot/sloeber/sloeber/arduinoplugin/packages/arduino/tools/avr-gcc/7.3.0-atmel3.6.1-arduino5/bin/../lib/gcc/avr/7.3.0/avrxmega3\libgcc.a(_divmodsi4.o)
 .debug_aranges
                0x000000c8       0x20 c:/iot/sloeber/sloeber/arduinoplugin/packages/arduino/tools/avr-gcc/7.3.0-atmel3.6.1-arduino5/bin/../lib/gcc/avr/7.3.0/avrxmega3\libgcc.a(_negsi2.o)
 .debug_aranges
                0x000000e8       0x20 c:/iot/sloeber/sloeber/arduinoplugin/packages/arduino/tools/avr-gcc/7.3.0-atmel3.6.1-arduino5/bin/../lib/gcc/avr/7.3.0/avrxmega3\libgcc.a(_copy_data.o)
 .debug_aranges
                0x00000108       0x20 c:/iot/sloeber/sloeber/arduinoplugin/packages/arduino/tools/avr-gcc/7.3.0-atmel3.6.1-arduino5/bin/../lib/gcc/avr/7.3.0/avrxmega3\libgcc.a(_clear_bss.o)
 .debug_aranges
                0x00000128       0x20 c:/iot/sloeber/sloeber/arduinoplugin/packages/arduino/tools/avr-gcc/7.3.0-atmel3.6.1-arduino5/bin/../lib/gcc/avr/7.3.0/avrxmega3\libgcc.a(_ctors.o)
 .debug_aranges
                0x00000148       0x20 c:/iot/sloeber/sloeber/arduinoplugin/packages/arduino/tools/avr-gcc/7.3.0-atmel3.6.1-arduino5/bin/../lib/gcc/avr/7.3.0/avrxmega3\libgcc.a(_dtors.o)
 .debug_aranges
                0x00000168       0x20 c:/iot/sloeber/sloeber/arduinoplugin/packages/arduino/tools/avr-gcc/7.3.0-atmel3.6.1-arduino5/bin/../lib/gcc/avr/7.3.0/avrxmega3\libgcc.a(_mulhisi3.o)
 .debug_aranges
                0x00000188       0x20 c:/iot/sloeber/sloeber/arduinoplugin/packages/arduino/tools/avr-gcc/7.3.0-atmel3.6.1-arduino5/bin/../lib/gcc/avr/7.3.0/avrxmega3\libgcc.a(_umulhisi3.o)
 .debug_aranges
                0x000001a8       0x20 c:/iot/sloeber/sloeber/arduinoplugin/packages/arduino/tools/avr-gcc/7.3.0-atmel3.6.1-arduino5/bin/../lib/gcc/avr/7.3.0/avrxmega3\libgcc.a(_usmulhisi3.o)
 .debug_aranges
                0x000001c8       0x20 c:/iot/sloeber/sloeber/arduinoplugin/packages/arduino/tools/avr-gcc/7.3.0-atmel3.6.1-arduino5/bin/../lib/gcc/avr/7.3.0/avrxmega3\libgcc.a(_muluhisi3.o)
 .debug_aranges
                0x000001e8       0x20 c:/iot/sloeber/sloeber/arduinoplugin/packages/arduino/tools/avr-gcc/7.3.0-atmel3.6.1-arduino5/bin/../lib/gcc/avr/7.3.0/avrxmega3\libgcc.a(_mulshisi3.o)
 .debug_aranges
                0x00000208       0x20 c:/iot/sloeber/sloeber/arduinoplugin/packages/arduino/tools/avr-gcc/7.3.0-atmel3.6.1-arduino5/bin/../lib/gcc/avr/7.3.0/avrxmega3\libgcc.a(_ashrdi3.o)
 .debug_aranges
                0x00000228       0x20 c:/iot/sloeber/sloeber/arduinoplugin/packages/arduino/tools/avr-gcc/7.3.0-atmel3.6.1-arduino5/bin/../lib/gcc/avr/7.3.0/avrxmega3\libgcc.a(_cmpdi2_s8.o)
 .debug_aranges
                0x00000248       0x20 c:/iot/sloeber/sloeber/arduinoplugin/packages/arduino/tools/avr-gcc/7.3.0-atmel3.6.1-arduino5/bin/../lib/gcc/avr/7.3.0/avrxmega3\libgcc.a(_tablejump2.o)
 .debug_aranges
                0x00000268       0x20 c:/iot/sloeber/sloeber/arduinoplugin/packages/arduino/tools/avr-gcc/7.3.0-atmel3.6.1-arduino5/bin/../lib/gcc/avr/7.3.0/avrxmega3\libgcc.a(_prologue.o)
 .debug_aranges
                0x00000288       0x20 c:/iot/sloeber/sloeber/arduinoplugin/packages/arduino/tools/avr-gcc/7.3.0-atmel3.6.1-arduino5/bin/../lib/gcc/avr/7.3.0/avrxmega3\libgcc.a(_epilogue.o)

.debug_pubnames
 *(.debug_pubnames)

.debug_info     0x00000000     0xf51d
 *(.debug_info .gnu.linkonce.wi.*)
 .debug_info    0x00000000     0x249d c:/iot/sloeber/sloeber/arduinoplugin/packages/arduino/tools/avr-gcc/7.3.0-atmel3.6.1-arduino5/bin/../lib/gcc/avr/7.3.0/../../../../avr/lib/avrxmega3/crtatmega4809.o
 .debug_info    0x0000249d     0xc180 C:\Users\ptw82\AppData\Local\Temp\ccfJgcLk.ltrans0.ltrans.o
 .debug_info    0x0000e61d       0xc0 c:/iot/sloeber/sloeber/arduinoplugin/packages/arduino/tools/avr-gcc/7.3.0-atmel3.6.1-arduino5/bin/../lib/gcc/avr/7.3.0/avrxmega3\libgcc.a(_exit.o)
 .debug_info    0x0000e6dd       0xc0 c:/iot/sloeber/sloeber/arduinoplugin/packages/arduino/tools/avr-gcc/7.3.0-atmel3.6.1-arduino5/bin/../lib/gcc/avr/7.3.0/avrxmega3\libgcc.a(_udivmodhi4.o)
 .debug_info    0x0000e79d       0xc0 c:/iot/sloeber/sloeber/arduinoplugin/packages/arduino/tools/avr-gcc/7.3.0-atmel3.6.1-arduino5/bin/../lib/gcc/avr/7.3.0/avrxmega3\libgcc.a(_divmodhi4.o)
 .debug_info    0x0000e85d       0xc0 c:/iot/sloeber/sloeber/arduinoplugin/packages/arduino/tools/avr-gcc/7.3.0-atmel3.6.1-arduino5/bin/../lib/gcc/avr/7.3.0/avrxmega3\libgcc.a(_udivmodsi4.o)
 .debug_info    0x0000e91d       0xc0 c:/iot/sloeber/sloeber/arduinoplugin/packages/arduino/tools/avr-gcc/7.3.0-atmel3.6.1-arduino5/bin/../lib/gcc/avr/7.3.0/avrxmega3\libgcc.a(_divmodsi4.o)
 .debug_info    0x0000e9dd       0xc0 c:/iot/sloeber/sloeber/arduinoplugin/packages/arduino/tools/avr-gcc/7.3.0-atmel3.6.1-arduino5/bin/../lib/gcc/avr/7.3.0/avrxmega3\libgcc.a(_negsi2.o)
 .debug_info    0x0000ea9d       0xc0 c:/iot/sloeber/sloeber/arduinoplugin/packages/arduino/tools/avr-gcc/7.3.0-atmel3.6.1-arduino5/bin/../lib/gcc/avr/7.3.0/avrxmega3\libgcc.a(_copy_data.o)
 .debug_info    0x0000eb5d       0xc0 c:/iot/sloeber/sloeber/arduinoplugin/packages/arduino/tools/avr-gcc/7.3.0-atmel3.6.1-arduino5/bin/../lib/gcc/avr/7.3.0/avrxmega3\libgcc.a(_clear_bss.o)
 .debug_info    0x0000ec1d       0xc0 c:/iot/sloeber/sloeber/arduinoplugin/packages/arduino/tools/avr-gcc/7.3.0-atmel3.6.1-arduino5/bin/../lib/gcc/avr/7.3.0/avrxmega3\libgcc.a(_ctors.o)
 .debug_info    0x0000ecdd       0xc0 c:/iot/sloeber/sloeber/arduinoplugin/packages/arduino/tools/avr-gcc/7.3.0-atmel3.6.1-arduino5/bin/../lib/gcc/avr/7.3.0/avrxmega3\libgcc.a(_dtors.o)
 .debug_info    0x0000ed9d       0xc0 c:/iot/sloeber/sloeber/arduinoplugin/packages/arduino/tools/avr-gcc/7.3.0-atmel3.6.1-arduino5/bin/../lib/gcc/avr/7.3.0/avrxmega3\libgcc.a(_mulhisi3.o)
 .debug_info    0x0000ee5d       0xc0 c:/iot/sloeber/sloeber/arduinoplugin/packages/arduino/tools/avr-gcc/7.3.0-atmel3.6.1-arduino5/bin/../lib/gcc/avr/7.3.0/avrxmega3\libgcc.a(_umulhisi3.o)
 .debug_info    0x0000ef1d       0xc0 c:/iot/sloeber/sloeber/arduinoplugin/packages/arduino/tools/avr-gcc/7.3.0-atmel3.6.1-arduino5/bin/../lib/gcc/avr/7.3.0/avrxmega3\libgcc.a(_usmulhisi3.o)
 .debug_info    0x0000efdd       0xc0 c:/iot/sloeber/sloeber/arduinoplugin/packages/arduino/tools/avr-gcc/7.3.0-atmel3.6.1-arduino5/bin/../lib/gcc/avr/7.3.0/avrxmega3\libgcc.a(_muluhisi3.o)
 .debug_info    0x0000f09d       0xc0 c:/iot/sloeber/sloeber/arduinoplugin/packages/arduino/tools/avr-gcc/7.3.0-atmel3.6.1-arduino5/bin/../lib/gcc/avr/7.3.0/avrxmega3\libgcc.a(_mulshisi3.o)
 .debug_info    0x0000f15d       0xc0 c:/iot/sloeber/sloeber/arduinoplugin/packages/arduino/tools/avr-gcc/7.3.0-atmel3.6.1-arduino5/bin/../lib/gcc/avr/7.3.0/avrxmega3\libgcc.a(_ashrdi3.o)
 .debug_info    0x0000f21d       0xc0 c:/iot/sloeber/sloeber/arduinoplugin/packages/arduino/tools/avr-gcc/7.3.0-atmel3.6.1-arduino5/bin/../lib/gcc/avr/7.3.0/avrxmega3\libgcc.a(_cmpdi2_s8.o)
 .debug_info    0x0000f2dd       0xc0 c:/iot/sloeber/sloeber/arduinoplugin/packages/arduino/tools/avr-gcc/7.3.0-atmel3.6.1-arduino5/bin/../lib/gcc/avr/7.3.0/avrxmega3\libgcc.a(_tablejump2.o)
 .debug_info    0x0000f39d       0xc0 c:/iot/sloeber/sloeber/arduinoplugin/packages/arduino/tools/avr-gcc/7.3.0-atmel3.6.1-arduino5/bin/../lib/gcc/avr/7.3.0/avrxmega3\libgcc.a(_prologue.o)
 .debug_info    0x0000f45d       0xc0 c:/iot/sloeber/sloeber/arduinoplugin/packages/arduino/tools/avr-gcc/7.3.0-atmel3.6.1-arduino5/bin/../lib/gcc/avr/7.3.0/avrxmega3\libgcc.a(_epilogue.o)

.debug_abbrev   0x00000000     0x31fa
 *(.debug_abbrev)
 .debug_abbrev  0x00000000     0x22a8 c:/iot/sloeber/sloeber/arduinoplugin/packages/arduino/tools/avr-gcc/7.3.0-atmel3.6.1-arduino5/bin/../lib/gcc/avr/7.3.0/../../../../avr/lib/avrxmega3/crtatmega4809.o
 .debug_abbrev  0x000022a8      0xdc2 C:\Users\ptw82\AppData\Local\Temp\ccfJgcLk.ltrans0.ltrans.o
 .debug_abbrev  0x0000306a       0x14 c:/iot/sloeber/sloeber/arduinoplugin/packages/arduino/tools/avr-gcc/7.3.0-atmel3.6.1-arduino5/bin/../lib/gcc/avr/7.3.0/avrxmega3\libgcc.a(_exit.o)
 .debug_abbrev  0x0000307e       0x14 c:/iot/sloeber/sloeber/arduinoplugin/packages/arduino/tools/avr-gcc/7.3.0-atmel3.6.1-arduino5/bin/../lib/gcc/avr/7.3.0/avrxmega3\libgcc.a(_udivmodhi4.o)
 .debug_abbrev  0x00003092       0x14 c:/iot/sloeber/sloeber/arduinoplugin/packages/arduino/tools/avr-gcc/7.3.0-atmel3.6.1-arduino5/bin/../lib/gcc/avr/7.3.0/avrxmega3\libgcc.a(_divmodhi4.o)
 .debug_abbrev  0x000030a6       0x14 c:/iot/sloeber/sloeber/arduinoplugin/packages/arduino/tools/avr-gcc/7.3.0-atmel3.6.1-arduino5/bin/../lib/gcc/avr/7.3.0/avrxmega3\libgcc.a(_udivmodsi4.o)
 .debug_abbrev  0x000030ba       0x14 c:/iot/sloeber/sloeber/arduinoplugin/packages/arduino/tools/avr-gcc/7.3.0-atmel3.6.1-arduino5/bin/../lib/gcc/avr/7.3.0/avrxmega3\libgcc.a(_divmodsi4.o)
 .debug_abbrev  0x000030ce       0x14 c:/iot/sloeber/sloeber/arduinoplugin/packages/arduino/tools/avr-gcc/7.3.0-atmel3.6.1-arduino5/bin/../lib/gcc/avr/7.3.0/avrxmega3\libgcc.a(_negsi2.o)
 .debug_abbrev  0x000030e2       0x14 c:/iot/sloeber/sloeber/arduinoplugin/packages/arduino/tools/avr-gcc/7.3.0-atmel3.6.1-arduino5/bin/../lib/gcc/avr/7.3.0/avrxmega3\libgcc.a(_copy_data.o)
 .debug_abbrev  0x000030f6       0x14 c:/iot/sloeber/sloeber/arduinoplugin/packages/arduino/tools/avr-gcc/7.3.0-atmel3.6.1-arduino5/bin/../lib/gcc/avr/7.3.0/avrxmega3\libgcc.a(_clear_bss.o)
 .debug_abbrev  0x0000310a       0x14 c:/iot/sloeber/sloeber/arduinoplugin/packages/arduino/tools/avr-gcc/7.3.0-atmel3.6.1-arduino5/bin/../lib/gcc/avr/7.3.0/avrxmega3\libgcc.a(_ctors.o)
 .debug_abbrev  0x0000311e       0x14 c:/iot/sloeber/sloeber/arduinoplugin/packages/arduino/tools/avr-gcc/7.3.0-atmel3.6.1-arduino5/bin/../lib/gcc/avr/7.3.0/avrxmega3\libgcc.a(_dtors.o)
 .debug_abbrev  0x00003132       0x14 c:/iot/sloeber/sloeber/arduinoplugin/packages/arduino/tools/avr-gcc/7.3.0-atmel3.6.1-arduino5/bin/../lib/gcc/avr/7.3.0/avrxmega3\libgcc.a(_mulhisi3.o)
 .debug_abbrev  0x00003146       0x14 c:/iot/sloeber/sloeber/arduinoplugin/packages/arduino/tools/avr-gcc/7.3.0-atmel3.6.1-arduino5/bin/../lib/gcc/avr/7.3.0/avrxmega3\libgcc.a(_umulhisi3.o)
 .debug_abbrev  0x0000315a       0x14 c:/iot/sloeber/sloeber/arduinoplugin/packages/arduino/tools/avr-gcc/7.3.0-atmel3.6.1-arduino5/bin/../lib/gcc/avr/7.3.0/avrxmega3\libgcc.a(_usmulhisi3.o)
 .debug_abbrev  0x0000316e       0x14 c:/iot/sloeber/sloeber/arduinoplugin/packages/arduino/tools/avr-gcc/7.3.0-atmel3.6.1-arduino5/bin/../lib/gcc/avr/7.3.0/avrxmega3\libgcc.a(_muluhisi3.o)
 .debug_abbrev  0x00003182       0x14 c:/iot/sloeber/sloeber/arduinoplugin/packages/arduino/tools/avr-gcc/7.3.0-atmel3.6.1-arduino5/bin/../lib/gcc/avr/7.3.0/avrxmega3\libgcc.a(_mulshisi3.o)
 .debug_abbrev  0x00003196       0x14 c:/iot/sloeber/sloeber/arduinoplugin/packages/arduino/tools/avr-gcc/7.3.0-atmel3.6.1-arduino5/bin/../lib/gcc/avr/7.3.0/avrxmega3\libgcc.a(_ashrdi3.o)
 .debug_abbrev  0x000031aa       0x14 c:/iot/sloeber/sloeber/arduinoplugin/packages/arduino/tools/avr-gcc/7.3.0-atmel3.6.1-arduino5/bin/../lib/gcc/avr/7.3.0/avrxmega3\libgcc.a(_cmpdi2_s8.o)
 .debug_abbrev  0x000031be       0x14 c:/iot/sloeber/sloeber/arduinoplugin/packages/arduino/tools/avr-gcc/7.3.0-atmel3.6.1-arduino5/bin/../lib/gcc/avr/7.3.0/avrxmega3\libgcc.a(_tablejump2.o)
 .debug_abbrev  0x000031d2       0x14 c:/iot/sloeber/sloeber/arduinoplugin/packages/arduino/tools/avr-gcc/7.3.0-atmel3.6.1-arduino5/bin/../lib/gcc/avr/7.3.0/avrxmega3\libgcc.a(_prologue.o)
 .debug_abbrev  0x000031e6       0x14 c:/iot/sloeber/sloeber/arduinoplugin/packages/arduino/tools/avr-gcc/7.3.0-atmel3.6.1-arduino5/bin/../lib/gcc/avr/7.3.0/avrxmega3\libgcc.a(_epilogue.o)

.debug_line     0x00000000     0x3a81
 *(.debug_line .debug_line.* .debug_line_end)
 .debug_line    0x00000000      0x187 c:/iot/sloeber/sloeber/arduinoplugin/packages/arduino/tools/avr-gcc/7.3.0-atmel3.6.1-arduino5/bin/../lib/gcc/avr/7.3.0/../../../../avr/lib/avrxmega3/crtatmega4809.o
 .debug_line    0x00000187     0x2bf4 C:\Users\ptw82\AppData\Local\Temp\ccfJgcLk.ltrans0.ltrans.o
 .debug_line    0x00002d7b       0x62 c:/iot/sloeber/sloeber/arduinoplugin/packages/arduino/tools/avr-gcc/7.3.0-atmel3.6.1-arduino5/bin/../lib/gcc/avr/7.3.0/avrxmega3\libgcc.a(_exit.o)
 .debug_line    0x00002ddd       0xce c:/iot/sloeber/sloeber/arduinoplugin/packages/arduino/tools/avr-gcc/7.3.0-atmel3.6.1-arduino5/bin/../lib/gcc/avr/7.3.0/avrxmega3\libgcc.a(_udivmodhi4.o)
 .debug_line    0x00002eab       0xc8 c:/iot/sloeber/sloeber/arduinoplugin/packages/arduino/tools/avr-gcc/7.3.0-atmel3.6.1-arduino5/bin/../lib/gcc/avr/7.3.0/avrxmega3\libgcc.a(_divmodhi4.o)
 .debug_line    0x00002f73      0x122 c:/iot/sloeber/sloeber/arduinoplugin/packages/arduino/tools/avr-gcc/7.3.0-atmel3.6.1-arduino5/bin/../lib/gcc/avr/7.3.0/avrxmega3\libgcc.a(_udivmodsi4.o)
 .debug_line    0x00003095       0xce c:/iot/sloeber/sloeber/arduinoplugin/packages/arduino/tools/avr-gcc/7.3.0-atmel3.6.1-arduino5/bin/../lib/gcc/avr/7.3.0/avrxmega3\libgcc.a(_divmodsi4.o)
 .debug_line    0x00003163       0x62 c:/iot/sloeber/sloeber/arduinoplugin/packages/arduino/tools/avr-gcc/7.3.0-atmel3.6.1-arduino5/bin/../lib/gcc/avr/7.3.0/avrxmega3\libgcc.a(_negsi2.o)
 .debug_line    0x000031c5       0x98 c:/iot/sloeber/sloeber/arduinoplugin/packages/arduino/tools/avr-gcc/7.3.0-atmel3.6.1-arduino5/bin/../lib/gcc/avr/7.3.0/avrxmega3\libgcc.a(_copy_data.o)
 .debug_line    0x0000325d       0x86 c:/iot/sloeber/sloeber/arduinoplugin/packages/arduino/tools/avr-gcc/7.3.0-atmel3.6.1-arduino5/bin/../lib/gcc/avr/7.3.0/avrxmega3\libgcc.a(_clear_bss.o)
 .debug_line    0x000032e3       0x92 c:/iot/sloeber/sloeber/arduinoplugin/packages/arduino/tools/avr-gcc/7.3.0-atmel3.6.1-arduino5/bin/../lib/gcc/avr/7.3.0/avrxmega3\libgcc.a(_ctors.o)
 .debug_line    0x00003375       0x92 c:/iot/sloeber/sloeber/arduinoplugin/packages/arduino/tools/avr-gcc/7.3.0-atmel3.6.1-arduino5/bin/../lib/gcc/avr/7.3.0/avrxmega3\libgcc.a(_dtors.o)
 .debug_line    0x00003407       0x7a c:/iot/sloeber/sloeber/arduinoplugin/packages/arduino/tools/avr-gcc/7.3.0-atmel3.6.1-arduino5/bin/../lib/gcc/avr/7.3.0/avrxmega3\libgcc.a(_mulhisi3.o)
 .debug_line    0x00003481       0xb0 c:/iot/sloeber/sloeber/arduinoplugin/packages/arduino/tools/avr-gcc/7.3.0-atmel3.6.1-arduino5/bin/../lib/gcc/avr/7.3.0/avrxmega3\libgcc.a(_umulhisi3.o)
 .debug_line    0x00003531       0x7a c:/iot/sloeber/sloeber/arduinoplugin/packages/arduino/tools/avr-gcc/7.3.0-atmel3.6.1-arduino5/bin/../lib/gcc/avr/7.3.0/avrxmega3\libgcc.a(_usmulhisi3.o)
 .debug_line    0x000035ab       0x92 c:/iot/sloeber/sloeber/arduinoplugin/packages/arduino/tools/avr-gcc/7.3.0-atmel3.6.1-arduino5/bin/../lib/gcc/avr/7.3.0/avrxmega3\libgcc.a(_muluhisi3.o)
 .debug_line    0x0000363d       0x7a c:/iot/sloeber/sloeber/arduinoplugin/packages/arduino/tools/avr-gcc/7.3.0-atmel3.6.1-arduino5/bin/../lib/gcc/avr/7.3.0/avrxmega3\libgcc.a(_mulshisi3.o)
 .debug_line    0x000036b7      0x104 c:/iot/sloeber/sloeber/arduinoplugin/packages/arduino/tools/avr-gcc/7.3.0-atmel3.6.1-arduino5/bin/../lib/gcc/avr/7.3.0/avrxmega3\libgcc.a(_ashrdi3.o)
 .debug_line    0x000037bb       0x7a c:/iot/sloeber/sloeber/arduinoplugin/packages/arduino/tools/avr-gcc/7.3.0-atmel3.6.1-arduino5/bin/../lib/gcc/avr/7.3.0/avrxmega3\libgcc.a(_cmpdi2_s8.o)
 .debug_line    0x00003835       0x7a c:/iot/sloeber/sloeber/arduinoplugin/packages/arduino/tools/avr-gcc/7.3.0-atmel3.6.1-arduino5/bin/../lib/gcc/avr/7.3.0/avrxmega3\libgcc.a(_tablejump2.o)
 .debug_line    0x000038af       0xec c:/iot/sloeber/sloeber/arduinoplugin/packages/arduino/tools/avr-gcc/7.3.0-atmel3.6.1-arduino5/bin/../lib/gcc/avr/7.3.0/avrxmega3\libgcc.a(_prologue.o)
 .debug_line    0x0000399b       0xe6 c:/iot/sloeber/sloeber/arduinoplugin/packages/arduino/tools/avr-gcc/7.3.0-atmel3.6.1-arduino5/bin/../lib/gcc/avr/7.3.0/avrxmega3\libgcc.a(_epilogue.o)

.debug_frame    0x00000000     0x11a4
 *(.debug_frame)
 .debug_frame   0x00000000     0x11a4 C:\Users\ptw82\AppData\Local\Temp\ccfJgcLk.ltrans0.ltrans.o

.debug_str      0x00000000     0x3d0c
 *(.debug_str)
 .debug_str     0x00000000      0xf8b c:/iot/sloeber/sloeber/arduinoplugin/packages/arduino/tools/avr-gcc/7.3.0-atmel3.6.1-arduino5/bin/../lib/gcc/avr/7.3.0/../../../../avr/lib/avrxmega3/crtatmega4809.o
 .debug_str     0x00000f8b     0x2d81 C:\Users\ptw82\AppData\Local\Temp\ccfJgcLk.ltrans0.ltrans.o
                               0x3013 (size before relaxing)

.debug_loc      0x00000000     0x6a79
 *(.debug_loc)
 .debug_loc     0x00000000     0x6a79 C:\Users\ptw82\AppData\Local\Temp\ccfJgcLk.ltrans0.ltrans.o

.debug_macinfo
 *(.debug_macinfo)

.debug_weaknames
 *(.debug_weaknames)

.debug_funcnames
 *(.debug_funcnames)

.debug_typenames
 *(.debug_typenames)

.debug_varnames
 *(.debug_varnames)

.debug_pubtypes
 *(.debug_pubtypes)

.debug_ranges   0x00000000      0x620
 *(.debug_ranges)
 .debug_ranges  0x00000000      0x620 C:\Users\ptw82\AppData\Local\Temp\ccfJgcLk.ltrans0.ltrans.o

.debug_macro
 *(.debug_macro)
OUTPUT(C:\IOT\03_src\sloeber\Sloeber\Project_F\Release/Project_F.elf elf32-avr)
LOAD linker stubs
